../Core/Src/main.c:92:6:Ping_Latch	8	static
../Core/Src/main.c:97:6:SetVoxelByXYZPointers	8	static
../Core/Src/main.c:103:6:SetVoxelByXYZ	8	static
../Core/Src/main.c:111:6:SetVoxelByPoint3	8	static
../Core/Src/main.c:117:6:Draw3DLine	72	static
../Core/Src/main.c:142:6:drawCirclePointsByXYZP	64	static
../Core/Src/main.c:217:6:drawSquare	56	static
../Core/Src/main.c:288:6:DrawCube	16	static
../Core/Src/main.c:296:6:Render	8	static
../Core/Src/main.c:324:6:Redraw	40	static
../Core/Src/main.c:396:7:Randon_Number	16	static
../Core/Src/main.c:464:6:SystemClock_Config	96	static,ignoring_inline_asm
../Core/Src/main.c:412:5:main	48	static,ignoring_inline_asm
../Core/Src/main.c:633:6:HAL_TIM_PeriodElapsedCallback	16	static
../Core/Src/main.c:658:6:Error_Handler	0	static,ignoring_inline_asm
