../Core/Src/main.c:90:6:Ping_Latch	8	static
../Core/Src/main.c:95:6:SetVoxelByXYZptrs	32	static
../Core/Src/main.c:101:6:SetVoxelByXYZ	24	static
../Core/Src/main.c:111:6:Draw3DLine	48	static
../Core/Src/main.c:137:6:drawCirclePointsByXYZP	24	static
../Core/Src/main.c:182:6:DrawCircle	80	static
../Core/Src/main.c:211:6:drawSquare	96	static
../Core/Src/main.c:281:6:DrawCube	16	static
../Core/Src/main.c:289:6:Render	16	static
../Core/Src/main.c:321:6:Redraw	32	static
../Core/Src/main.c:393:7:Randon_Number	16	static
../Core/Src/main.c:398:5:f	16	static
../Core/Src/main.c:413:5:main	8	static
../Core/Src/main.c:464:6:SystemClock_Config	72	static
../Core/Src/main.c:503:13:MX_SPI1_Init	8	static
../Core/Src/main.c:541:13:MX_TIM2_Init	32	static
../Core/Src/main.c:586:13:MX_GPIO_Init	40	static
../Core/Src/main.c:625:6:HAL_TIM_PeriodElapsedCallback	16	static
../Core/Src/main.c:650:6:Error_Handler	4	static,ignoring_inline_asm
